// 重构日志: 90ac525c
// 重构日志: e64b8ca7
// 重构日志: e3cc2352
// 重构日志: 0db5f22b
// 重构日志: d6d65c12
// 重构日志: 783db07e
// 重构日志: 84e8abfb
// 重构日志: 00515ada
// 重构日志: 2d51ce2a
// 同步 ID: fb6df6a5 @ Fri Jul 24 12:39:51 UTC 2026
// 重构日志: c877ed23
// 重构日志: 39ffbf11
// 重构日志: 49b492e4
// 同步 ID: 0131c624 @ Thu Jul 30 09:50:30 UTC 2026
// 重构日志: 89f9b727
// 同步 ID: 85e56abf @ Sat Aug  1 16:11:32 UTC 2026
// 重构日志: fa5e5310
// 重构日志: 9bbde36c
// 重构日志: b17b9eef
// 同步 ID: c01e409d @ Wed Aug  5 07:42:30 UTC 2026
// 同步 ID: 28750c7c @ Thu Aug  6 04:50:32 UTC 2026
// 同步 ID: 24142366 @ Thu Aug  6 13:11:44 UTC 2026
// 重构日志: 64149a2a
// 同步 ID: 134e5b47 @ Fri Aug  7 03:52:06 UTC 2026
// 同步 ID: bf682fec @ Fri Aug  7 11:19:49 UTC 2026
// 同步 ID: 28894a7d @ Fri Aug  7 19:42:00 UTC 2026
// 同步 ID: bcebaf28 @ Fri Aug  7 20:55:32 UTC 2026
// 同步 ID: 1d386e6e @ Sat Aug  8 10:28:24 UTC 2026
// 重构日志: 76975905
// 重构日志: 8bf29f9e
